CCS PCH C Compiler, Version 5.015, 5967               07-May-21 09:16

               Filename:   D:\DoAnVDK\Interrupt\interrupt.lst

               ROM used:   556 bytes (2%)
                           Largest free fragment is 32208
               RAM used:   27 (2%) at main() level
                           28 (2%) worst case
               Stack used: 3 locations (2 in main + 1 for interrupts)
               Stack size: 31

*
0000:  GOTO   0198
*
0008:  MOVWF  04
000A:  MOVFF  FD8,05
000E:  MOVFF  FE0,06
0012:  MOVLB  0
0014:  MOVFF  FE9,0C
0018:  MOVFF  FEA,07
001C:  MOVFF  FE1,08
0020:  MOVFF  FE2,09
0024:  MOVFF  FD9,0A
0028:  MOVFF  FDA,0B
002C:  MOVFF  FF3,12
0030:  MOVFF  FF4,13
0034:  MOVFF  FFA,14
0038:  MOVFF  00,0E
003C:  MOVFF  01,0F
0040:  MOVFF  02,10
0044:  MOVFF  03,11
0048:  BTFSS  FF2.4
004A:  GOTO   0054
004E:  BTFSC  FF2.1
0050:  GOTO   00BA
0054:  MOVFF  0E,00
0058:  MOVFF  0F,01
005C:  MOVFF  10,02
0060:  MOVFF  11,03
0064:  MOVFF  0C,FE9
0068:  MOVFF  07,FEA
006C:  BSF    07.7
006E:  MOVFF  08,FE1
0072:  MOVFF  09,FE2
0076:  MOVFF  0A,FD9
007A:  MOVFF  0B,FDA
007E:  MOVFF  12,FF3
0082:  MOVFF  13,FF4
0086:  MOVFF  14,FFA
008A:  MOVF   04,W
008C:  MOVFF  06,FE0
0090:  MOVFF  05,FD8
0094:  RETFIE 0
.................... #include <18F4520.h> 
.................... //////////// Standard Header file for the PIC18F4520 device //////////////// 
.................... /////////////////////////////////////////////////////////////////////////// 
.................... ////        (C) Copyright 1996, 2013 Custom Computer Services          //// 
.................... //// This source code may only be used by licensed users of the CCS C  //// 
.................... //// compiler.  This source code may only be distributed to other      //// 
.................... //// licensed users of the CCS C compiler.  No other use, reproduction //// 
.................... //// or distribution is permitted without written permission.          //// 
.................... //// Derivative programs created using this software in object code    //// 
.................... //// form are not restricted in any way.                               //// 
.................... /////////////////////////////////////////////////////////////////////////// 
.................... #device PIC18F4520 
0096:  MOVFF  FF2,0D
009A:  BCF    FF2.7
009C:  CLRF   FF7
009E:  ADDLW  B0
00A0:  MOVWF  FF6
00A2:  MOVLW  00
00A4:  ADDWFC FF7,F
00A6:  TBLRD*+
00A8:  MOVF   FF5,W
00AA:  BTFSC  0D.7
00AC:  BSF    FF2.7
00AE:  RETURN 0
00B0:  DATA C0,F9
00B2:  DATA A4,B0
00B4:  DATA 99,92
00B6:  DATA 82,F8
00B8:  DATA 80,90
*
00F4:  MOVF   1A,W
00F6:  CLRF   01
00F8:  SUBWF  19,W
00FA:  BC    0102
00FC:  MOVFF  19,00
0100:  BRA    011A
0102:  CLRF   00
0104:  MOVLW  08
0106:  MOVWF  1B
0108:  RLCF   19,F
010A:  RLCF   00,F
010C:  MOVF   1A,W
010E:  SUBWF  00,W
0110:  BTFSC  FD8.0
0112:  MOVWF  00
0114:  RLCF   01,F
0116:  DECFSZ 1B,F
0118:  BRA    0108
011A:  RETURN 0
....................  
.................... #list 
....................  
....................  
.................... #fuses NOWDT, HS, PUT, NOPROTECT, NOLVP 
.................... #use delay(crystal=20000000) 
011C:  CLRF   FEA
011E:  MOVLW  19
0120:  MOVWF  FE9
0122:  MOVF   FEF,W
0124:  BZ    0140
0126:  MOVLW  06
0128:  MOVWF  01
012A:  CLRF   00
012C:  DECFSZ 00,F
012E:  BRA    012C
0130:  DECFSZ 01,F
0132:  BRA    012A
0134:  MOVLW  7B
0136:  MOVWF  00
0138:  DECFSZ 00,F
013A:  BRA    0138
013C:  DECFSZ FEF,F
013E:  BRA    0126
0140:  RETURN 0
.................... #byte    porta             =  0xff80 
.................... #byte    portb             =  0xff81 
.................... #byte    portc             =  0xff82 
.................... #byte    portd             =  0xff83 
....................  
....................  
....................  
.................... #bit     sensor            =  porta.4 
....................  
.................... #bit     units             =  portc.0 
.................... #bit     tens              =  portc.1 
....................  
.................... #bit     green_led         =  portc.2 
.................... #bit     yellow_led        =  portc.3 
.................... #bit     red_led           =  portc.4 
....................  
.................... #bit     led_mode          =  portc.5 
....................  
.................... //#bit     control_button    =  portc.6 
.................... #bit     control_button    =  portb.1 
....................  
.................... #bit     relay             =  portc.7 
....................  
.................... #bit     tmr0on            =  0xffd5.7 
....................  
.................... const unsigned char number[10]={ 
....................                                  0xc0, 
....................                                  0xf9, 
....................                                  0xa4, 
....................                                  0xb0, 
....................                                  0x99, 
....................                                  0x92, 
....................                                  0x82, 
....................                                  0xf8, 
....................                                  0x80, 
....................                                  0x90 
.................... }; 
....................  
.................... unsigned int8 t0; 
.................... int1 dem=0; 
....................  
.................... #int_ext 
.................... void modeSelection(){ 
....................    dem=~dem; 
*
00BA:  BTG    17.0
00BC:  BCF    FF2.1
00BE:  GOTO   0054
.................... } 
.................... void display(){ 
....................    portd = number[t0%10]; 
*
0142:  MOVFF  16,19
0146:  MOVLW  0A
0148:  MOVWF  1A
014A:  RCALL  00F4
014C:  CLRF   03
014E:  MOVF   00,W
0150:  MOVFF  FF2,19
0154:  BCF    FF2.7
0156:  RCALL  0096
0158:  BTFSC  19.7
015A:  BSF    FF2.7
015C:  MOVWF  F83
....................    units = 1; 
015E:  BSF    F82.0
....................    tens  = 0; 
0160:  BCF    F82.1
....................    delay_ms(1); 
0162:  MOVLW  01
0164:  MOVWF  19
0166:  RCALL  011C
....................  
....................    portd = number[t0/10]; 
0168:  MOVFF  16,19
016C:  MOVLW  0A
016E:  MOVWF  1A
0170:  RCALL  00F4
0172:  CLRF   03
0174:  MOVF   01,W
0176:  MOVFF  FF2,19
017A:  BCF    FF2.7
017C:  RCALL  0096
017E:  BTFSC  19.7
0180:  BSF    FF2.7
0182:  MOVWF  F83
....................    if(portd==number[0]){ 
0184:  MOVF   F83,W
0186:  SUBLW  C0
0188:  BNZ   018C
....................       portd=0xff; 
018A:  SETF   F83
....................    }  
....................    tens  = 1; 
018C:  BSF    F82.1
....................    units = 0; 
018E:  BCF    F82.0
....................    delay_ms(1); 
0190:  MOVLW  01
0192:  MOVWF  19
0194:  RCALL  011C
0196:  RETURN 0
.................... } 
....................  
.................... void checkTimer(){ 
....................    switch(t0){ 
*
00C2:  MOVF   16,W
00C4:  XORLW  19
00C6:  BZ    00D6
00C8:  XORLW  19
00CA:  BZ    00DC
00CC:  XORLW  0F
00CE:  BZ    00E4
00D0:  XORLW  1C
00D2:  BZ    00EC
00D4:  BRA    00F2
....................       case 25: 
....................          t0 = 0; 
00D6:  CLRF   16
....................          set_timer0(0); 
00D8:  CLRF   FD7
00DA:  CLRF   FD6
....................       case 0: 
....................          green_led = 1; 
00DC:  BSF    F82.2
....................          yellow_led = 0; 
00DE:  BCF    F82.3
....................          red_led = 0; 
00E0:  BCF    F82.4
....................          break; 
00E2:  BRA    00F2
....................       case 15: 
....................          green_led = 0; 
00E4:  BCF    F82.2
....................          yellow_led = 1; 
00E6:  BSF    F82.3
....................          red_led = 0; 
00E8:  BCF    F82.4
....................          break; 
00EA:  BRA    00F2
....................       case 19: 
....................          green_led = 0; 
00EC:  BCF    F82.2
....................          yellow_led = 0; 
00EE:  BCF    F82.3
....................          red_led = 1; 
00F0:  BSF    F82.4
....................          break; 
....................    } 
00F2:  RETURN 0
.................... } 
.................... void main(){ 
*
0198:  CLRF   FF8
019A:  BCF    FD0.7
019C:  BSF    07.7
019E:  BCF    17.0
01A0:  MOVF   FC1,W
01A2:  ANDLW  C0
01A4:  IORLW  0F
01A6:  MOVWF  FC1
01A8:  MOVLW  07
01AA:  MOVWF  FB4
....................    set_tris_b(0xff); 
01AC:  MOVLW  FF
01AE:  MOVWF  F93
....................    set_tris_d(0x00); 
01B0:  MOVLW  00
01B2:  MOVWF  F95
....................    set_tris_c(0b01000000); 
01B4:  MOVLW  40
01B6:  MOVWF  F94
....................    set_tris_a(0xff);   
01B8:  MOVLW  FF
01BA:  MOVWF  F92
....................    setup_timer_0(T0_EXT_L_TO_H | T0_DIV_1); 
01BC:  MOVLW  A8
01BE:  MOVWF  FD5
....................    set_timer0(0); 
01C0:  CLRF   FD7
01C2:  CLRF   FD6
....................    enable_interrupts(global); 
01C4:  MOVLW  C0
01C6:  IORWF  FF2,F
....................    enable_interrupts(int_ext_L2H); 
01C8:  BSF    FF2.4
01CA:  BSF    FF1.6
....................    while(1){ 
....................       tmr0on = 1; //Cho phep counter hoat dong 
01CC:  BSF    FD5.7
....................       led_mode=0; //Led hien thi che do Auto/Manual 
01CE:  BCF    F82.5
....................       relay = 0; 
01D0:  BCF    F82.7
....................       t0 = get_timer0(); 
01D2:  MOVF   FD6,W
01D4:  MOVWF  16
....................       checkTimer(); 
01D6:  RCALL  00C2
....................       while(sensor==1 & dem==0){ 
01D8:  MOVLW  00
01DA:  BTFSC  F80.4
01DC:  MOVLW  01
01DE:  MOVWF  1A
01E0:  MOVLW  00
01E2:  BTFSS  17.0
01E4:  MOVLW  01
01E6:  ANDWF  1A,W
01E8:  BZ    01F0
....................          relay = 1; 
01EA:  BSF    F82.7
....................          display(); 
01EC:  RCALL  0142
01EE:  BRA    01D8
....................       }   
....................       display(); 
01F0:  RCALL  0142
....................       while(dem==1){ 
01F2:  BTFSS  17.0
01F4:  BRA    022C
....................          tmr0on = 0; //Tam dung counter khi o che do Manual, su dung bien t0 
01F6:  BCF    FD5.7
....................          led_mode = 1; 
01F8:  BSF    F82.5
....................          display(); 
01FA:  RCALL  0142
....................          if(control_button==1){ 
01FC:  BTFSS  F81.1
01FE:  BRA    0224
....................             for (int8 i=0; i<=10;i++){display();} 
0200:  CLRF   18
0202:  MOVF   18,W
0204:  SUBLW  0A
0206:  BNC   020E
0208:  RCALL  0142
020A:  INCF   18,F
020C:  BRA    0202
....................             if(control_button==1){ 
020E:  BTFSS  F81.1
0210:  BRA    0224
....................                relay = ~relay; 
0212:  BTG    F82.7
....................                if(relay){ 
0214:  BTFSS  F82.7
0216:  BRA    021C
....................                   t0++; 
0218:  INCF   16,F
....................                   checkTimer();  
021A:  RCALL  00C2
....................                } 
....................                while(control_button==1){ 
021C:  BTFSS  F81.1
021E:  BRA    0224
....................                   display(); 
0220:  RCALL  0142
0222:  BRA    021C
....................                } 
....................                } 
....................          }     
....................           set_timer0(t0); //Set lai gia tri timer sau khi thoat khoi che do Manual 
0224:  CLRF   FD7
0226:  MOVFF  16,FD6
022A:  BRA    01F2
....................          } 
022C:  BRA    01CC
....................       } 
....................    }  
....................  
022E:  SLEEP 

Configuration Fuses:
   Word  1: C200   HS FCMEN IESO
   Word  2: 1E1E   PUT BROWNOUT BORV21 NOWDT WDT32768
   Word  3: 8700   CCP2C1 PBADEN LPT1OSC MCLR
   Word  4: 0081   STVREN NOLVP NOXINST NODEBUG
   Word  5: C00F   NOPROTECT NOCPB NOCPD
   Word  6: E00F   NOWRT NOWRTC NOWRTB NOWRTD
   Word  7: 400F   NOEBTR NOEBTRB
